08:18:37 **** Build of configuration Debug for project TWO_LED ****
make -j8 all 
arm-none-eabi-gcc "../Core/Src/main.c" -mcpu=cortex-m3 -std=gnu11 -g3 -DDEBUG -DUSE_HAL_DRIVER -DSTM32F103x6 -c -I../Core/Inc -I../Drivers/STM32F1xx_HAL_Driver/Inc -I../Drivers/STM32F1xx_HAL_Driver/Inc/Legacy -I../Drivers/CMSIS/Device/ST/STM32F1xx/Include -I../Drivers/CMSIS/Include -O0 -ffunction-sections -fdata-sections -Wall -fstack-usage -MMD -MP -MF"Core/Src/main.d" -MT"Core/Src/main.o" --specs=nano.specs -mfloat-abi=soft -mthumb -o "Core/Src/main.o"
arm-none-eabi-gcc -o "TWO_LED.elf" @"objects.list"   -mcpu=cortex-m3 -T"C:\MCU\Lab1\Ex1\STM\TWO_LED\STM32F103C6UX_FLASH.ld" --specs=nosys.specs -Wl,-Map="TWO_LED.map" -Wl,--gc-sections -static --specs=nano.specs -mfloat-abi=soft -mthumb -Wl,--start-group -lc -lm -Wl,--end-group
Finished building target: TWO_LED.elf
 
arm-none-eabi-size   TWO_LED.elf 
arm-none-eabi-objdump -h -S  TWO_LED.elf  > "TWO_LED.list"
arm-none-eabi-objcopy  -O ihex  TWO_LED.elf  "TWO_LED.hex"
arm-none-eabi-objcopy  -O binary  TWO_LED.elf  "TWO_LED.bin"
   text	   data	    bss	    dec	    hex	filename
   4640	     20	   1572	   6232	   1858	TWO_LED.elf
Finished building: default.size.stdout
 
Finished building: TWO_LED.hex
Finished building: TWO_LED.bin
 
 
Finished building: TWO_LED.list
 

08:18:38 Build Finished. 0 errors, 0 warnings. (took 1s.114ms)

