10:18:01 **** Incremental Build of configuration Debug for project 4_Way_Traffic_Light ****
make -j8 all 
arm-none-eabi-gcc "../Core/Src/main.c" -mcpu=cortex-m3 -std=gnu11 -g3 -DDEBUG -DUSE_HAL_DRIVER -DSTM32F103x6 -c -I../Core/Inc -I../Drivers/STM32F1xx_HAL_Driver/Inc -I../Drivers/STM32F1xx_HAL_Driver/Inc/Legacy -I../Drivers/CMSIS/Device/ST/STM32F1xx/Include -I../Drivers/CMSIS/Include -O0 -ffunction-sections -fdata-sections -Wall -fstack-usage -MMD -MP -MF"Core/Src/main.d" -MT"Core/Src/main.o" --specs=nano.specs -mfloat-abi=soft -mthumb -o "Core/Src/main.o"
arm-none-eabi-gcc -o "4_Way_Traffic_Light.elf" @"objects.list"   -mcpu=cortex-m3 -T"C:\MCU\Lab1\Ex3\STM\4_Way_Traffic_Light\STM32F103C6UX_FLASH.ld" --specs=nosys.specs -Wl,-Map="4_Way_Traffic_Light.map" -Wl,--gc-sections -static --specs=nano.specs -mfloat-abi=soft -mthumb -Wl,--start-group -lc -lm -Wl,--end-group
Finished building target: 4_Way_Traffic_Light.elf
 
arm-none-eabi-size   4_Way_Traffic_Light.elf 
arm-none-eabi-objdump -h -S  4_Way_Traffic_Light.elf  > "4_Way_Traffic_Light.list"
arm-none-eabi-objcopy  -O ihex  4_Way_Traffic_Light.elf  "4_Way_Traffic_Light.hex"
arm-none-eabi-objcopy  -O binary  4_Way_Traffic_Light.elf  "4_Way_Traffic_Light.bin"
   text	   data	    bss	    dec	    hex	filename
   4856	     20	   1572	   6448	   1930	4_Way_Traffic_Light.elf
Finished building: default.size.stdout
 
Finished building: 4_Way_Traffic_Light.hex
Finished building: 4_Way_Traffic_Light.bin
Finished building: 4_Way_Traffic_Light.list
 
 
 
